Node 0 MemTotal:       134215764 kB
Node 0 MemFree:         4659184 kB
Node 0 MemUsed:        129556580 kB
Node 0 Active:         57038240 kB
Node 0 Inactive:       50860308 kB
Node 0 Active(anon):    7992112 kB
Node 0 Inactive(anon):  2321780 kB
Node 0 Active(file):   49046128 kB
Node 0 Inactive(file): 48538528 kB
Node 0 Unevictable:        3492 kB
Node 0 Mlocked:            3492 kB
Node 0 Dirty:              7736 kB
Node 0 Writeback:             0 kB
Node 0 FilePages:      97948672 kB
Node 0 Mapped:            39292 kB
Node 0 AnonPages:       9953768 kB
Node 0 Shmem:            361396 kB
Node 0 KernelStack:        4792 kB
Node 0 PageTables:        48328 kB
Node 0 NFS_Unstable:          0 kB
Node 0 Bounce:                0 kB
Node 0 WritebackTmp:          0 kB
Node 0 Slab:            1572840 kB
Node 0 SReclaimable:    1463196 kB
Node 0 SUnreclaim:       109644 kB
Node 0 AnonHugePages:   9218048 kB
Node 0 HugePages_Total:  8192
Node 0 HugePages_Free:   4466
Node 0 HugePages_Surp:      0
