Node 0 MemTotal:       67108864 kB
Node 0 MemFree:        61653504 kB
Node 0 MemUsed:         5455360 kB
Node 0 Active:           221184 kB
Node 0 Inactive:         212032 kB
Node 0 Active(anon):     144576 kB
Node 0 Inactive(anon):     8960 kB
Node 0 Active(file):      76608 kB
Node 0 Inactive(file):   203072 kB
Node 0 Unevictable:           0 kB
Node 0 Mlocked:               0 kB
Node 0 Dirty:             92992 kB
Node 0 Writeback:             0 kB
Node 0 FilePages:        301504 kB
Node 0 Mapped:            49792 kB
Node 0 AnonPages:        131456 kB
Node 0 Shmem:             22272 kB
Node 0 KernelStack:       12016 kB
Node 0 PageTables:         2048 kB
Node 0 NFS_Unstable:          0 kB
Node 0 Bounce:                0 kB
Node 0 WritebackTmp:          0 kB
Node 0 Slab:             249536 kB
Node 0 SReclaimable:      44928 kB
Node 0 SUnreclaim:       204608 kB
Node 0 AnonHugePages:         0 kB
Node 0 HugePages_Total:     0
Node 0 HugePages_Free:      0
Node 0 HugePages_Surp:      0
