Node 0 MemTotal:       67108864 kB
Node 0 MemFree:        61610496 kB
Node 0 MemUsed:         5498368 kB
Node 0 Active:           214080 kB
Node 0 Inactive:         242560 kB
Node 0 Active(anon):     144896 kB
Node 0 Inactive(anon):     8960 kB
Node 0 Active(file):      69184 kB
Node 0 Inactive(file):   233600 kB
Node 0 Unevictable:           0 kB
Node 0 Mlocked:               0 kB
Node 0 Dirty:            145024 kB
Node 0 Writeback:             0 kB
Node 0 FilePages:        337408 kB
Node 0 Mapped:            49792 kB
Node 0 AnonPages:        131584 kB
Node 0 Shmem:             22272 kB
Node 0 KernelStack:       11936 kB
Node 0 PageTables:         2688 kB
Node 0 NFS_Unstable:          0 kB
Node 0 Bounce:                0 kB
Node 0 WritebackTmp:          0 kB
Node 0 Slab:             257536 kB
Node 0 SReclaimable:      40832 kB
Node 0 SUnreclaim:       216704 kB
Node 0 AnonHugePages:         0 kB
Node 0 HugePages_Total:     0
Node 0 HugePages_Free:      0
Node 0 HugePages_Surp:      0
