Node 0 MemTotal:       32817236 kB
Node 0 MemFree:        24057312 kB
Node 0 MemUsed:         8759924 kB
Node 0 Active:          5781052 kB
Node 0 Inactive:        2057944 kB
Node 0 Active(anon):    3647840 kB
Node 0 Inactive(anon):   639564 kB
Node 0 Active(file):    2133212 kB
Node 0 Inactive(file):  1418380 kB
Node 0 Unevictable:        8108 kB
Node 0 Mlocked:            8108 kB
Node 0 Dirty:              1476 kB
Node 0 Writeback:             0 kB
Node 0 FilePages:       4295156 kB
Node 0 Mapped:           658508 kB
Node 0 AnonPages:       2629172 kB
Node 0 Shmem:            737060 kB
Node 0 KernelStack:        8352 kB
Node 0 PageTables:        27724 kB
Node 0 NFS_Unstable:          0 kB
Node 0 Bounce:                0 kB
Node 0 WritebackTmp:          0 kB
Node 0 Slab:             749584 kB
Node 0 SReclaimable:     704676 kB
Node 0 SUnreclaim:        44908 kB
Node 0 AnonHugePages:    546816 kB
Node 0 ShmemHugePages:        0 kB
Node 0 ShmemPmdMapped:        0 kB
Node 0 HugePages_Total:     0
Node 0 HugePages_Free:      0
Node 0 HugePages_Surp:      0
