Node 16 MemTotal:       67108864 kB
Node 16 MemFree:        66296832 kB
Node 16 MemUsed:          812032 kB
Node 16 Active:           145792 kB
Node 16 Inactive:         131904 kB
Node 16 Active(anon):      36352 kB
Node 16 Inactive(anon):      320 kB
Node 16 Active(file):     109440 kB
Node 16 Inactive(file):   131584 kB
Node 16 Unevictable:           0 kB
Node 16 Mlocked:               0 kB
Node 16 Dirty:             48256 kB
Node 16 Writeback:             0 kB
Node 16 FilePages:        246720 kB
Node 16 Mapped:             7744 kB
Node 16 AnonPages:         35968 kB
Node 16 Shmem:               704 kB
Node 16 KernelStack:        3232 kB
Node 16 PageTables:          512 kB
Node 16 NFS_Unstable:          0 kB
Node 16 Bounce:                0 kB
Node 16 WritebackTmp:          0 kB
Node 16 Slab:              61760 kB
Node 16 SReclaimable:      28736 kB
Node 16 SUnreclaim:        33024 kB
Node 16 AnonHugePages:         0 kB
Node 16 HugePages_Total:     0
Node 16 HugePages_Free:      0
Node 16 HugePages_Surp:      0
