Node 16 MemTotal:       67108864 kB
Node 16 MemFree:        66573952 kB
Node 16 MemUsed:          534912 kB
Node 16 Active:            14272 kB
Node 16 Inactive:          16832 kB
Node 16 Active(anon):       6272 kB
Node 16 Inactive(anon):       64 kB
Node 16 Active(file):       8000 kB
Node 16 Inactive(file):    16768 kB
Node 16 Unevictable:           0 kB
Node 16 Mlocked:               0 kB
Node 16 Dirty:                 0 kB
Node 16 Writeback:             0 kB
Node 16 FilePages:         26176 kB
Node 16 Mapped:              384 kB
Node 16 AnonPages:          4928 kB
Node 16 Shmem:              1408 kB
Node 16 KernelStack:        1968 kB
Node 16 PageTables:          192 kB
Node 16 NFS_Unstable:          0 kB
Node 16 Bounce:                0 kB
Node 16 WritebackTmp:          0 kB
Node 16 Slab:              46336 kB
Node 16 SReclaimable:       2688 kB
Node 16 SUnreclaim:        43648 kB
Node 16 AnonHugePages:         0 kB
Node 16 HugePages_Total:     0
Node 16 HugePages_Free:      0
Node 16 HugePages_Surp:      0
