Node 0 MemTotal:       67108864 kB
Node 0 MemFree:        61960640 kB
Node 0 MemUsed:         5148224 kB
Node 0 Active:           124864 kB
Node 0 Inactive:         107584 kB
Node 0 Active(anon):      83648 kB
Node 0 Inactive(anon):     8768 kB
Node 0 Active(file):      41216 kB
Node 0 Inactive(file):    98816 kB
Node 0 Unevictable:           0 kB
Node 0 Mlocked:               0 kB
Node 0 Dirty:               128 kB
Node 0 Writeback:             0 kB
Node 0 FilePages:        155008 kB
Node 0 Mapped:            31552 kB
Node 0 AnonPages:         77312 kB
Node 0 Shmem:             15104 kB
Node 0 KernelStack:        8992 kB
Node 0 PageTables:         1728 kB
Node 0 NFS_Unstable:          0 kB
Node 0 Bounce:                0 kB
Node 0 WritebackTmp:          0 kB
Node 0 Slab:             151872 kB
Node 0 SReclaimable:      27776 kB
Node 0 SUnreclaim:       124096 kB
Node 0 AnonHugePages:         0 kB
Node 0 HugePages_Total:     0
Node 0 HugePages_Free:      0
Node 0 HugePages_Surp:      0
