Node 0 MemTotal:       67108864 kB
Node 0 MemFree:        61482624 kB
Node 0 MemUsed:         5626240 kB
Node 0 Active:           298304 kB
Node 0 Inactive:         314368 kB
Node 0 Active(anon):     200192 kB
Node 0 Inactive(anon):     9024 kB
Node 0 Active(file):      98112 kB
Node 0 Inactive(file):   305344 kB
Node 0 Unevictable:           0 kB
Node 0 Mlocked:               0 kB
Node 0 Dirty:            145024 kB
Node 0 Writeback:             0 kB
Node 0 FilePages:        428480 kB
Node 0 Mapped:            65408 kB
Node 0 AnonPages:        186880 kB
Node 0 Shmem:             22336 kB
Node 0 KernelStack:       12336 kB
Node 0 PageTables:         2496 kB
Node 0 NFS_Unstable:          0 kB
Node 0 Bounce:                0 kB
Node 0 WritebackTmp:          0 kB
Node 0 Slab:             237632 kB
Node 0 SReclaimable:      46784 kB
Node 0 SUnreclaim:       190848 kB
Node 0 AnonHugePages:         0 kB
Node 0 HugePages_Total:     0
Node 0 HugePages_Free:      0
Node 0 HugePages_Surp:      0
