Node 0 MemTotal:       67108864 kB
Node 0 MemFree:        61726720 kB
Node 0 MemUsed:         5382144 kB
Node 0 Active:           276544 kB
Node 0 Inactive:         174848 kB
Node 0 Active(anon):     100928 kB
Node 0 Inactive(anon):     9152 kB
Node 0 Active(file):     175616 kB
Node 0 Inactive(file):   165696 kB
Node 0 Unevictable:           0 kB
Node 0 Mlocked:               0 kB
Node 0 Dirty:             69824 kB
Node 0 Writeback:             0 kB
Node 0 FilePages:        360256 kB
Node 0 Mapped:            42752 kB
Node 0 AnonPages:         93312 kB
Node 0 Shmem:             16768 kB
Node 0 KernelStack:       10208 kB
Node 0 PageTables:         1472 kB
Node 0 NFS_Unstable:          0 kB
Node 0 Bounce:                0 kB
Node 0 WritebackTmp:          0 kB
Node 0 Slab:             184576 kB
Node 0 SReclaimable:      57152 kB
Node 0 SUnreclaim:       127424 kB
Node 0 AnonHugePages:         0 kB
Node 0 HugePages_Total:     0
Node 0 HugePages_Free:      0
Node 0 HugePages_Surp:      0
