Node 17 MemTotal:       67108864 kB
Node 17 MemFree:        66328320 kB
Node 17 MemUsed:          780544 kB
Node 17 Active:             5440 kB
Node 17 Inactive:           2560 kB
Node 17 Active(anon):       4736 kB
Node 17 Inactive(anon):      128 kB
Node 17 Active(file):        704 kB
Node 17 Inactive(file):     2432 kB
Node 17 Unevictable:           0 kB
Node 17 Mlocked:               0 kB
Node 17 Dirty:                 0 kB
Node 17 Writeback:             0 kB
Node 17 FilePages:          3392 kB
Node 17 Mapped:              192 kB
Node 17 AnonPages:          4672 kB
Node 17 Shmem:               256 kB
Node 17 KernelStack:        5488 kB
Node 17 PageTables:          128 kB
Node 17 NFS_Unstable:          0 kB
Node 17 Bounce:                0 kB
Node 17 WritebackTmp:          0 kB
Node 17 Slab:              41536 kB
Node 17 SReclaimable:       2496 kB
Node 17 SUnreclaim:        39040 kB
Node 17 AnonHugePages:         0 kB
Node 17 HugePages_Total:     0
Node 17 HugePages_Free:      0
Node 17 HugePages_Surp:      0
