Node 17 MemTotal:       67108864 kB
Node 17 MemFree:        66334656 kB
Node 17 MemUsed:          774208 kB
Node 17 Active:            15936 kB
Node 17 Inactive:          12416 kB
Node 17 Active(anon):      10944 kB
Node 17 Inactive(anon):       64 kB
Node 17 Active(file):       4992 kB
Node 17 Inactive(file):    12352 kB
Node 17 Unevictable:           0 kB
Node 17 Mlocked:               0 kB
Node 17 Dirty:                 0 kB
Node 17 Writeback:             0 kB
Node 17 FilePages:         17600 kB
Node 17 Mapped:              768 kB
Node 17 AnonPages:         10752 kB
Node 17 Shmem:               256 kB
Node 17 KernelStack:        3808 kB
Node 17 PageTables:          128 kB
Node 17 NFS_Unstable:          0 kB
Node 17 Bounce:                0 kB
Node 17 WritebackTmp:          0 kB
Node 17 Slab:              25792 kB
Node 17 SReclaimable:       3840 kB
Node 17 SUnreclaim:        21952 kB
Node 17 AnonHugePages:         0 kB
Node 17 HugePages_Total:     0
Node 17 HugePages_Free:      0
Node 17 HugePages_Surp:      0
