Node 1 MemTotal:       67108864 kB
Node 1 MemFree:        66225792 kB
Node 1 MemUsed:          883072 kB
Node 1 Active:           247040 kB
Node 1 Inactive:          82752 kB
Node 1 Active(anon):      52800 kB
Node 1 Inactive(anon):      192 kB
Node 1 Active(file):     194240 kB
Node 1 Inactive(file):    82560 kB
Node 1 Unevictable:           0 kB
Node 1 Mlocked:               0 kB
Node 1 Dirty:                64 kB
Node 1 Writeback:             0 kB
Node 1 FilePages:        281344 kB
Node 1 Mapped:            19264 kB
Node 1 AnonPages:         49088 kB
Node 1 Shmem:              4352 kB
Node 1 KernelStack:        2960 kB
Node 1 PageTables:          448 kB
Node 1 NFS_Unstable:          0 kB
Node 1 Bounce:                0 kB
Node 1 WritebackTmp:          0 kB
Node 1 Slab:             106368 kB
Node 1 SReclaimable:      16448 kB
Node 1 SUnreclaim:        89920 kB
Node 1 AnonHugePages:         0 kB
Node 1 HugePages_Total:     0
Node 1 HugePages_Free:      0
Node 1 HugePages_Surp:      0
